Γû▓ Next.js 16.1.6 (Turbopack)
- Environments: .env.local

node.exe : ΓÜá The 
"middleware" file 
convention is deprecated. 
Please use "proxy" 
instead. Learn more: https
://nextjs.org/docs/message
s/middleware-to-proxy
At C:\nodejs\npx.ps1:29 
char:3
+   & $NODE_EXE 
$NPX_CLI_JS $args
+   ~~~~~~~~~~~~~~~~~~~~~~
~~~~~~~
    + CategoryInfo        
      : NotSpe    cified: 
(ΓÜá The     
"middle...lewar    
e-to-proxy:Strin    g) 
[], RemoteExc    eption
    + FullyQualified    
ErrorId : Native    
CommandError
 
  Creating an optimized production build ...
(node:4496) Warning: 
Setting the NODE_TLS_REJEC
T_UNAUTHORIZED 
environment variable to 
'0' makes TLS connections 
and HTTPS requests 
insecure by disabling 
certificate verification.
(Use `node 
--trace-warnings ...` to 
show where the warning 
was created)
Γ£ô Compiled successfully in 7.6s
  Running TypeScript ...
  Collecting page data using 7 workers ...
  Generating static pages using 7 workers (0/38) ...
  Generating static pages using 7 workers (9/38) 
  Generating static pages using 7 workers (18/38) 
  Generating static pages using 7 workers (28/38) 
Γ£ô Generating static pages using 7 workers (38/38) in 1602.8ms
  Finalizing page optimization ...

Route (app)
Γöî Γùï /
Γö£ Γùï /_not-found
Γö£ Γùï /admin
Γö£ Γùï /admin/affiliates
Γö£ Γùï /admin/agents
Γö£ Γùï /admin/analytics
Γö£ Γùï /admin/applications
Γö£ Γùï /admin/campaigns
Γö£ Γùï /admin/send-promo
Γö£ Γùï /admin/users
Γö£ ╞Æ /api/admin
Γö£ ╞Æ /api/admin/applications
Γö£ ╞Æ /api/admin/stats
Γö£ ╞Æ /api/admin/users
Γö£ ╞Æ /api/campaigns
Γö£ ╞Æ /api/chatbot
Γö£ ╞Æ /api/customer/loans
Γö£ ╞Æ /api/documents
Γö£ ╞Æ /api/esg
Γö£ ╞Æ /api/loans
Γö£ ╞Æ /api/loans/apply
Γö£ ╞Æ /api/notifications
Γö£ ╞Æ /api/risk-scoring
Γö£ ╞Æ /api/sendPromo
Γö£ ╞Æ /api/transactions
Γö£ Γùï /apply-loan
Γö£ Γùï /apply-loan/upload-documents
Γö£ Γùï /dashboard
Γö£ Γùï /features/accessibility
Γö£ Γùï /features/embedded-finance
Γö£ Γùï /features/esg-analytics
Γö£ Γùï /features/open-banking
Γö£ Γùï /features/real-time-payments
Γö£ Γùï /features/risk-scoring
Γö£ Γùï /login
Γö£ Γùï /offer
Γöö ╞Æ /offer/[campaignId]


╞Æ Proxy (Middleware)

Γùï  (Static)   prerendered as static content
╞Æ  (Dynamic)  server-rendered on demand

